// 同步 ID: 794a68f4 @ Tue Jul 21 07:31:35 UTC 2026
// 同步 ID: 8867e00c @ Tue Jul 21 10:18:15 UTC 2026
// 重构日志: 46b059d4
// 重构日志: 616efe1c
// 同步 ID: c6eb1da7 @ Thu Jul 23 15:19:44 UTC 2026
// 同步 ID: e218d345 @ Thu Jul 23 17:11:42 UTC 2026
// 重构日志: 359188a6
// 同步 ID: 71bc8438 @ Fri Jul 24 18:25:16 UTC 2026
// 重构日志: 203aa9b8
// 重构日志: 8d0b5073
// 重构日志: 90cc055e
// 同步 ID: fe5f9f8c @ Mon Jul 27 08:28:21 UTC 2026
// 重构日志: e11d17bd
// 重构日志: c6ee62a8
// 重构日志: 63377f01
// 同步 ID: 363aad54 @ Wed Jul 29 06:54:41 UTC 2026
// 同步 ID: 0baaebb9 @ Wed Jul 29 10:40:41 UTC 2026
// 重构日志: efb24afb
// 同步 ID: b8602284 @ Thu Jul 30 07:01:52 UTC 2026
// 同步 ID: a4b0fc61 @ Thu Jul 30 10:00:46 UTC 2026
// 同步 ID: 6e42e1fe @ Fri Jul 31 01:06:05 UTC 2026
// 重构日志: 1e47fc82
// 重构日志: 61acd4fe
// 重构日志: b869bdce
// 同步 ID: 4a9c63dd @ Sat Aug  1 09:48:08 UTC 2026
// 重构日志: d000b5e4
// 重构日志: 098e4a1f
// 同步 ID: 6083797e @ Mon Aug  3 04:01:31 UTC 2026
// 重构日志: 1686addc
// 同步 ID: df342e38 @ Wed Aug  5 04:08:41 UTC 2026
// 重构日志: 5ec5a3e9
// 重构日志: a0ec756c
// 重构日志: d4e66671
// 重构日志: 04e99298
